// Vitest Snapshot v1, https://vitest.dev/guide/snapshot.html

exports[`inject-cssvars > createCSSVarsObjCode > hasUseCssVars is false 1`] = `
"import { useCssVars as _useCssVars } from \\"vue\\"
const __default__ = {};const __injectCSSVars__ = () => {}

        const __setup__ = __default__.setup
        __default__.setup = __setup__
          ? (props, ctx) => { __injectCSSVars__(); return __setup__(props, ctx) }
            : __injectCSSVars__
            const _sfc_main = __default__
            function _sfc_render(){}"
`;

exports[`inject-cssvars > createCSSVarsObjCode > hasUseCssVars is true 1`] = `
"import { useCssVars as _useCssVars } from 'vue'
const __injectCSSVars__ = () => {
_useCssVars(_ctx => ({
\\"color\\": (_ctx.color),

  \\"229090c3-sassColor\\": (_ctx.sassColor)
}))}
const __setup__ = __default__.setup
__default__.setup = __setup__
  ? (props, ctx) => { __injectCSSVars__();return __setup__(props, ctx) }
  : __injectCSSVars__

const _sfc_main = __default__"
`;

exports[`inject-cssvars > injectUseCssVarsSetup > hasUseCssVars is false 1`] = `
"import { useCssVars as _useCssVars } from \\"vue\\"
function setup() {
     _useCssVars((_ctx) => ({
      \\"1439c43b\\": color.value,
  }));}"
`;

exports[`inject-cssvars > injectUseCssVarsSetup > hasUseCssVars is true 1`] = `
"function setup() {  _useCssVars((_ctx) => ({\\"1439c43b\\": color.value,
    \\"229090c3-sassColor\\": sassColor.value
})); }"
`;
