// Vitest Snapshot v1, https://vitest.dev/guide/snapshot.html

exports[`handle inject css > handleInjectCss: basic 1`] = `MagicString {}`;
